Possibilities [[0, 0, 'FB'], [0, 0, 'FD']] de : 0 0
Applying this [0, 0, 'FB']
p_left after removal:  [[0, 1], [0, 2], [0, 3], [0, 4], [1, 0], [1, 1], [1, 2], [1, 3], [1, 4], [2, 0], [2, 1], [2, 2], [2, 3], [2, 4], [3, 0], [3, 1], [3, 2], [3, 3], [3, 4], [4, 0], [4, 1], [4, 2], [4, 3], [4, 4]]
piece final: a ser tirada qd adj_final :  1 0
mudou nome final para:  VD
piece final: a ser tirada qd adj_final :  0 1
mudou nome final para:  VB
piece final: a ser tirada qd adj_final :  0 2
mudou nome final para:  FE
piece final: a ser tirada qd adj_final :  1 2
mudou nome final para:  LH
piece final: a ser tirada qd adj_final :  0 3
mudou nome final para:  VB
piece final: a ser tirada qd adj_final :  1 3
mudou nome final para:  FC
piece final: a ser tirada qd adj_final :  0 4
mudou nome final para:  VE
piece final: a ser tirada qd adj_final :  1 4
mudou nome final para:  LV
piece final: a ser tirada qd adj_final :  2 4
mudou nome final para:  BE
piece final: a ser tirada qd adj_final :  3 4
mudou nome final para:  LV
piece final: a ser tirada qd adj_final :  4 4
mudou nome final para:  FC
piece final: a ser tirada qd adj_final :  3 3
mudou nome final para:  BE
piece final: a ser tirada qd adj_final :  3 2
mudou nome final para:  FD
piece final: a ser tirada qd adj_final :  2 2
mudou nome final para:  BC
piece final: a ser tirada qd adj_final :  4 2
mudou nome final para:  LH
piece final: a ser tirada qd adj_final :  4 1
mudou nome final para:  LH
piece final: a ser tirada qd adj_final :  4 3
mudou nome final para:  VC
piece final: a ser tirada qd adj_final :  3 1
mudou nome final para:  VC
piece final: a ser tirada qd adj_final :  4 0
mudou nome final para:  FD
piece final: a ser tirada qd adj_final :  3 0
mudou nome final para:  FD
piece final: a ser tirada qd adj_final :  2 3
mudou nome final para:  BB
piece final: a ser tirada qd adj_final :  2 0
mudou nome final para:  FD
piece final: a ser tirada qd adj_final :  1 1
mudou nome final para:  BC
piece final: a ser tirada qd adj_final :  2 1
mudou nome final para:  BB
FB	VB	FE	VB	VE	
VD	BC	LH	FC	LV	
FD	BB	BC	BB	BE	
FD	VC	FD	BE	LV	
FD	LH	LH	VC	FC	
Applying this [0, 0, 'FD']
p_left after removal:  [[0, 1], [0, 2], [0, 3], [0, 4], [1, 0], [1, 1], [1, 2], [1, 3], [1, 4], [2, 0], [2, 1], [2, 2], [2, 3], [2, 4], [3, 0], [3, 1], [3, 2], [3, 3], [3, 4], [4, 0], [4, 1], [4, 2], [4, 3], [4, 4]]
piece final: a ser tirada qd adj_final :  1 0
mudou nome final para:  VB
piece final: a ser tirada qd adj_final :  0 1
mudou nome final para:  VE
piece final: a ser tirada qd adj_final :  2 0
mudou nome final para:  FC
piece final: a ser tirada qd adj_final :  2 1
mudou nome final para:  BD
piece final: a ser tirada qd adj_final :  1 1
mudou nome final para:  BE
piece final: a ser tirada qd adj_final :  1 2
mudou nome final para:  LV
piece final: a ser tirada qd adj_final :  0 2
mudou nome final para:  FB
piece final: a ser tirada qd adj_final :  0 3
mudou nome final para:  VB
piece final: a ser tirada qd adj_final :  1 3
mudou nome final para:  FC
piece final: a ser tirada qd adj_final :  0 4
mudou nome final para:  VE
piece final: a ser tirada qd adj_final :  1 4
mudou nome final para:  LV
piece final: a ser tirada qd adj_final :  2 4
mudou nome final para:  BE
piece final: a ser tirada qd adj_final :  3 4
mudou nome final para:  LV
piece final: a ser tirada qd adj_final :  4 4
mudou nome final para:  FC
piece final: a ser tirada qd adj_final :  3 3
mudou nome final para:  BE
piece final: a ser tirada qd adj_final :  3 2
mudou nome final para:  FD
piece final: a ser tirada qd adj_final :  2 2
mudou nome final para:  BC
piece final: a ser tirada qd adj_final :  4 2
mudou nome final para:  LH
piece final: a ser tirada qd adj_final :  3 1
mudou nome final para:  VC
piece final: a ser tirada qd adj_final :  4 1
mudou nome final para:  LH
piece final: a ser tirada qd adj_final :  3 0
mudou nome final para:  FD
piece final: a ser tirada qd adj_final :  4 0
mudou nome final para:  FD
piece final: a ser tirada qd adj_final :  4 3
mudou nome final para:  VC
piece final: a ser tirada qd adj_final :  2 3
mudou nome final para:  BB
FD	VE	FB	VB	VE	
VB	BE	LV	FC	LV	
FC	BD	BC	BB	BE	
FD	VC	FD	BE	LV	
FD	LH	LH	VC	FC	
FD	VE	FB	VB	VE	
VB	BE	LV	FC	LV	
FC	BD	BC	BB	BE	
FD	VC	FD	BE	LV	
FD	LH	LH	VC	FC	
